C51 COMPILER V9.59.0.0   MAIN                                                              12/19/2018 23:41:27 PAGE 1   


C51 COMPILER V9.59.0.0, COMPILATION OF MODULE MAIN
OBJECT MODULE PLACED IN .\Objects\main.obj
COMPILER INVOKED BY: F:\Keil C51\C51\BIN\C51.EXE ..\Code\main.c OPTIMIZE(8,SPEED) BROWSE INCDIR(..\Code) DEBUG OBJECTEXT
                    -END PRINT(.\Listings\main.lst) TABS(2) OBJECT(.\Objects\main.obj)

line level    source

   1          #include "STC12C5A60S2.h"
   2          #include "Uart.h"
   3          #include "ADC.h"
   4          #include "Seg8LED_Disp.h"
   5          
   6          void main()
   7          {
   8   1        InitUart();
   9   1        InitADC();
  10   1        
  11   1        while(1)
  12   1        {
  13   2          ShowNum(getRst());
  14   2        }
  15   1      }


MODULE INFORMATION:   STATIC OVERLAYABLE
   CODE SIZE        =     14    ----
   CONSTANT SIZE    =   ----    ----
   XDATA SIZE       =   ----    ----
   PDATA SIZE       =   ----    ----
   DATA SIZE        =   ----    ----
   IDATA SIZE       =   ----    ----
   BIT SIZE         =   ----    ----
END OF MODULE INFORMATION.


C51 COMPILATION COMPLETE.  0 WARNING(S),  0 ERROR(S)
