BL51 BANKED LINKER/LOCATER V6.05                                                        11/06/2018  21:13:30  PAGE 1


BL51 BANKED LINKER/LOCATER V6.05, INVOKED BY:
E:\NEWKEIL\C51\BIN\BL51.EXE .\main.obj TO test RAMSIZE (256)


MEMORY MODEL: SMALL


INPUT MODULES INCLUDED:
  .\main.obj (MAIN)
  E:\NEWKEIL\C51\LIB\C51S.LIB (?C_STARTUP)
  E:\NEWKEIL\C51\LIB\C51S.LIB (?C_INIT)


LINK MAP OF MODULE:  test (MAIN)


            TYPE    BASE      LENGTH    RELOCATION   SEGMENT NAME
            -----------------------------------------------------

            * * * * * * *   D A T A   M E M O R Y   * * * * * * *
            REG     0000H     0008H     ABSOLUTE     "REG BANK 0"
            DATA    0008H     0001H     UNIT         ?DT?MAIN
            IDATA   0009H     0001H     UNIT         ?STACK

            * * * * * * *   C O D E   M E M O R Y   * * * * * * *
            CODE    0000H     0003H     ABSOLUTE     
            CODE    0003H     008CH     UNIT         ?C_C51STARTUP
            CODE    008FH     002AH     UNIT         ?PR?LED_RUN?MAIN
            CODE    00B9H     001CH     UNIT         ?PR?_TIM_DELAY10MS?MAIN
            CODE    00D5H     000DH     UNIT         ?PR?MAIN?MAIN
            CODE    00E2H     0004H     UNIT         ?PR?INIT_TIMER?MAIN
            CODE    00E6H     0004H     UNIT         ?C_INITSEG



OVERLAY MAP OF MODULE:   test (MAIN)


SEGMENT
  +--> CALLED SEGMENT
---------------------
?C_C51STARTUP
  +--> ?PR?MAIN?MAIN
  +--> ?C_INITSEG

?PR?MAIN?MAIN
  +--> ?PR?INIT_TIMER?MAIN
  +--> ?PR?_TIM_DELAY10MS?MAIN
  +--> ?PR?LED_RUN?MAIN



SYMBOL TABLE OF MODULE:  test (MAIN)

  VALUE           TYPE          NAME
  ----------------------------------

  -------         MODULE        MAIN
BL51 BANKED LINKER/LOCATER V6.05                                                      11/06/2018  21:13:30  PAGE 2


  C:0000H         SYMBOL        _ICE_DUMMY_
  D:00A0H         PUBLIC        P2
  B:00A0H.4       PUBLIC        LED1
  B:00A0H.5       PUBLIC        LED2
  B:00A0H.6       PUBLIC        LED3
  B:00A0H.7       PUBLIC        LED4
  D:00A8H         PUBLIC        IE
  C:00E2H         PUBLIC        INIT_TIMER
  D:00B8H         PUBLIC        IP
  D:00D8H         PUBLIC        CCON
  C:00D5H         PUBLIC        main
  C:008FH         PUBLIC        LED_RUN
  D:0098H         PUBLIC        SCON
  D:0089H         PUBLIC        TMOD
  D:0088H         PUBLIC        TCON
  B:0088H.5       PUBLIC        TF0
  D:008CH         PUBLIC        TH0
  D:008AH         PUBLIC        TL0
  B:0088H.4       PUBLIC        TR0
  C:00B9H         PUBLIC        _TIM_Delay10Ms
  D:00D0H         PUBLIC        PSW
  -------         PROC          INIT_TIMER
  C:00E2H         LINE#         7
  C:00E2H         LINE#         8
  C:00E2H         LINE#         9
  C:00E5H         LINE#         10
  -------         ENDPROC       INIT_TIMER
  -------         PROC          _TIM_DELAY10MS
  D:0007H         SYMBOL        cnt
  C:00B9H         LINE#         12
  C:00B9H         LINE#         13
  C:00B9H         LINE#         14
  C:00BCH         LINE#         15
  C:00BFH         LINE#         16
  C:00C1H         LINE#         18
  C:00C4H         LINE#         19
  C:00C4H         LINE#         20
  C:00C7H         LINE#         21
  C:00C7H         LINE#         22
  C:00C9H         LINE#         23
  C:00CCH         LINE#         24
  C:00CFH         LINE#         25
  C:00D1H         LINE#         26
  C:00D2H         LINE#         27
  C:00D2H         LINE#         28
  C:00D4H         LINE#         29
  -------         ENDPROC       _TIM_DELAY10MS
  -------         PROC          LED_RUN
  -------         DO            
  D:0008H         SYMBOL        status
  -------         ENDDO         
  C:008FH         LINE#         31
  C:008FH         LINE#         32
  C:008FH         LINE#         35
  C:009EH         LINE#         36
  C:009EH         LINE#         37
  C:009EH         LINE#         38
BL51 BANKED LINKER/LOCATER V6.05                                                      11/06/2018  21:13:30  PAGE 3


  C:00A0H         LINE#         39
  C:00A2H         LINE#         40
  C:00A2H         LINE#         41
  C:00A4H         LINE#         42
  C:00A6H         LINE#         43
  C:00A6H         LINE#         44
  C:00A8H         LINE#         45
  C:00AAH         LINE#         46
  C:00AAH         LINE#         47
  C:00ACH         LINE#         48
  C:00ACH         LINE#         49
  C:00ACH         LINE#         51
  C:00AEH         LINE#         53
  C:00B5H         LINE#         54
  C:00B5H         LINE#         55
  C:00B8H         LINE#         56
  C:00B8H         LINE#         57
  -------         ENDPROC       LED_RUN
  -------         PROC          MAIN
  C:00D5H         LINE#         59
  C:00D5H         LINE#         60
  C:00D5H         LINE#         61
  C:00D8H         LINE#         63
  C:00D8H         LINE#         64
  C:00D8H         LINE#         65
  C:00DDH         LINE#         66
  C:00E0H         LINE#         67
  -------         ENDPROC       MAIN
  -------         ENDMOD        MAIN

Program Size: data=10.0 xdata=0 code=234
LINK/LOCATE RUN COMPLETE.  0 WARNING(S),  0 ERROR(S)
