BL51 BANKED LINKER/LOCATER V6.22.2.0                                                    09/19/2018  13:06:52  PAGE 1


BL51 BANKED LINKER/LOCATER V6.22.2.0, INVOKED BY:
F:\KEIL_C51\C51\BIN\BL51.EXE .\Objects\main.obj TO .\Objects\test PRINT (.\Listings\test.m51) RAMSIZE (256)


MEMORY MODEL: SMALL


INPUT MODULES INCLUDED:
  .\Objects\main.obj (MAIN)
  F:\KEIL_C51\C51\LIB\C51S.LIB (?C_STARTUP)
  F:\KEIL_C51\C51\LIB\C51S.LIB (?C?SLCMP)


LINK MAP OF MODULE:  .\Objects\test (MAIN)


            TYPE    BASE      LENGTH    RELOCATION   SEGMENT NAME
            -----------------------------------------------------

            * * * * * * *   D A T A   M E M O R Y   * * * * * * *
            REG     0000H     0008H     ABSOLUTE     "REG BANK 0"
            DATA    0008H     0004H     UNIT         _DATA_GROUP_
            IDATA   000CH     0001H     UNIT         ?STACK

            * * * * * * *   C O D E   M E M O R Y   * * * * * * *
            CODE    0000H     0003H     ABSOLUTE     
                    0003H     07FDH                  *** GAP ***
            CODE    0800H     00B7H     UNIT         ?PR?MAIN?MAIN
            CODE    08B7H     0016H     UNIT         ?C?LIB_CODE
            CODE    08CDH     000CH     UNIT         ?C_C51STARTUP



OVERLAY MAP OF MODULE:   .\Objects\test (MAIN)


SEGMENT                          DATA_GROUP 
  +--> CALLED SEGMENT          START    LENGTH
----------------------------------------------
?C_C51STARTUP                  -----    -----
  +--> ?PR?MAIN?MAIN

?PR?MAIN?MAIN                  0008H    0004H



SYMBOL TABLE OF MODULE:  .\Objects\test (MAIN)

  VALUE           TYPE          NAME
  ----------------------------------

  -------         MODULE        MAIN
  C:0000H         SYMBOL        _ICE_DUMMY_
  D:0080H         PUBLIC        P0
  D:00A0H         PUBLIC        P2
  D:00B0H         PUBLIC        P3
  D:00A8H         PUBLIC        IE
  D:00B8H         PUBLIC        IP
BL51 BANKED LINKER/LOCATER V6.22.2.0                                                  09/19/2018  13:06:52  PAGE 2


  D:00D8H         PUBLIC        CCON
  C:0800H         PUBLIC        main
  D:0098H         PUBLIC        SCON
  D:0088H         PUBLIC        TCON
  B:00B0H.2       PUBLIC        Key1
  D:00D0H         PUBLIC        PSW
  B:00A0H.3       PUBLIC        SM_G4
  -------         PROC          MAIN
  -------         DO            
  D:0008H         SYMBOL        i
  D:000AH         SYMBOL        num
  -------         ENDDO         
  C:0800H         LINE#         10
  C:0800H         LINE#         11
  C:0800H         LINE#         12
  C:0805H         LINE#         13
  C:0809H         LINE#         14
  C:080BH         LINE#         16
  C:080BH         LINE#         17
  C:080BH         LINE#         18
  C:0811H         LINE#         19
  C:0811H         LINE#         20
  C:0841H         LINE#         21
  C:0841H         LINE#         22
  C:0841H         LINE#         23
  C:0844H         LINE#         24
  C:0846H         LINE#         25
  C:0846H         LINE#         26
  C:0849H         LINE#         27
  C:084BH         LINE#         28
  C:084BH         LINE#         29
  C:084EH         LINE#         30
  C:0850H         LINE#         31
  C:0850H         LINE#         32
  C:0853H         LINE#         33
  C:0855H         LINE#         34
  C:0855H         LINE#         35
  C:0858H         LINE#         36
  C:085AH         LINE#         37
  C:085AH         LINE#         38
  C:085DH         LINE#         39
  C:085FH         LINE#         40
  C:085FH         LINE#         41
  C:0862H         LINE#         42
  C:0864H         LINE#         43
  C:0864H         LINE#         44
  C:0867H         LINE#         45
  C:0869H         LINE#         46
  C:0869H         LINE#         47
  C:086CH         LINE#         48
  C:086EH         LINE#         49
  C:086EH         LINE#         50
  C:0871H         LINE#         51
  C:0871H         LINE#         52
  C:0871H         LINE#         53
  C:0879H         LINE#         54
  C:0882H         LINE#         55
BL51 BANKED LINKER/LOCATER V6.22.2.0                                                  09/19/2018  13:06:52  PAGE 3


  C:0882H         LINE#         56
  C:0887H         LINE#         57
  C:0887H         LINE#         58
  C:08ACH         LINE#         59
  C:08ACH         LINE#         61
  C:08ACH         LINE#         62
  C:08B1H         LINE#         63
  C:08B4H         LINE#         64
  C:08B4H         LINE#         65
  -------         ENDPROC       MAIN
  -------         ENDMOD        MAIN

  -------         MODULE        ?C?SLCMP
  C:08B7H         PUBLIC        ?C?SLCMP
  -------         ENDMOD        ?C?SLCMP

******************************************************************************
* RESTRICTED VERSION WITH 0800H BYTE CODE SIZE LIMIT; USED: 00B7H BYTE ( 8%) *
******************************************************************************

Program Size: data=13.0 xdata=0 code=220
LINK/LOCATE RUN COMPLETE.  0 WARNING(S),  0 ERROR(S)
