

#################### START OF GENERATED CLOCK OPTIMIZATION REPORT ####################[

======================================================================================
                                Instance:Pin        Generated Clock Optimization Status
======================================================================================
                              U3.s_carry:C              Done
                              U2.s_carry:C              Done
                            U4.s_hour[5]:C              Done
                            U4.s_hour[4]:C              Done
                            U4.s_hour[3]:C              Done
                            U4.s_hour[2]:C              Done
                            U4.s_hour[1]:C              Done
                            U4.s_hour[0]:C              Done
                             U3.s_min[5]:C              Done
                             U3.s_min[4]:C              Done
                             U3.s_min[3]:C              Done
                             U3.s_min[2]:C              Done
                             U3.s_min[1]:C              Done
                             U3.s_min[0]:C              Done
                             U2.s_sec[5]:C              Done
                             U2.s_sec[4]:C              Done
                             U2.s_sec[3]:C              Done
                             U2.s_sec[2]:C              Done
                             U2.s_sec[1]:C              Done
                             U2.s_sec[0]:C              Done
                       U11.U2.s_shift[1]:C              Done
                       U11.U2.s_shift[2]:C              Done
                       U11.U2.s_shift[3]:C              Done
                       U11.U2.s_shift[4]:C              Done
                       U11.U2.s_shift[5]:C              Done
                       U11.U2.s_shift[6]:C              Done
                       U11.U2.s_shift[7]:C              Done
                       U11.U2.s_shift[0]:C              Done


##################### END OF GENERATED CLOCK OPTIMIZATION REPORT #####################]

