BL51 BANKED LINKER/LOCATER V6.05                                                        10/23/2018  20:55:52  PAGE 1


BL51 BANKED LINKER/LOCATER V6.05, INVOKED BY:
C:\KEIL\C51\BIN\BL51.EXE .\main.obj TO test RAMSIZE (256)


INPUT MODULES INCLUDED:
  .\main.obj (MAIN)


LINK MAP OF MODULE:  test (MAIN)


            TYPE    BASE      LENGTH    RELOCATION   SEGMENT NAME
            -----------------------------------------------------

            * * * * * * *   D A T A   M E M O R Y   * * * * * * *
            REG     0000H     0008H     ABSOLUTE     "REG BANK 0"

            * * * * * * *   C O D E   M E M O R Y   * * * * * * *
            CODE    0000H     0172H     ABSOLUTE     



SYMBOL TABLE OF MODULE:  test (MAIN)

  VALUE           TYPE          NAME
  ----------------------------------

  -------         MODULE        MAIN
  B:00D0H.7       SYMBOL        CY
  C:0114H         SYMBOL        DELAY2MS
  C:0116H         SYMBOL        DELAY2MS_1
  C:0118H         SYMBOL        DELAY2MS_2
  C:011AH         SYMBOL        DELAY2MS_3
  N:006FH         SYMBOL        DELAYTIMES_2MS
  C:0124H         SYMBOL        DOWN
  B:00B0H.2       SYMBOL        KEY1
  C:014DH         SYMBOL        KEY1_FLASH
  C:015DH         SYMBOL        KEY1_FLASH0
  C:0166H         SYMBOL        KEY1_FLASH1
  C:0169H         SYMBOL        KEY1_FLASH2
  C:016CH         SYMBOL        KEY1_FLASH3
  C:016FH         SYMBOL        KEY1_FLASH4
  N:0069H         SYMBOL        KEY1_STATE
  B:00A0H.4       SYMBOL        LED1
  B:00A0H.5       SYMBOL        LED2
  B:00A0H.6       SYMBOL        LED3
  B:00A0H.7       SYMBOL        LED4
  C:0144H         SYMBOL        LEDRUN
  C:013EH         SYMBOL        NORESET
  D:00A0H         SYMBOL        P2
  D:00B0H         SYMBOL        P3
  C:012FH         SYMBOL        PRESS
  C:0121H         SYMBOL        SCANKEY
  D:0081H         SYMBOL        SP
  C:0100H         SYMBOL        START
  C:010EH         SYMBOL        START1
  C:0143H         SYMBOL        UP
  C:0000H         LINE#         15
BL51 BANKED LINKER/LOCATER V6.05                                                      10/23/2018  20:55:52  PAGE 2


  C:0100H         LINE#         19
  C:0103H         LINE#         20
  C:0105H         LINE#         21
  C:0107H         LINE#         22
  C:0109H         LINE#         23
  C:010BH         LINE#         25
  C:010EH         LINE#         28
  C:0111H         LINE#         30
  C:0114H         LINE#         37
  C:0116H         LINE#         39
  C:0118H         LINE#         40
  C:011AH         LINE#         41
  C:011CH         LINE#         42
  C:011EH         LINE#         43
  C:0120H         LINE#         44
  C:0121H         LINE#         47
  C:0124H         LINE#         49
  C:0127H         LINE#         50
  C:012AH         LINE#         51
  C:012DH         LINE#         52
  C:012FH         LINE#         54
  C:0131H         LINE#         55
  C:0133H         LINE#         56
  C:0135H         LINE#         57
  C:0136H         LINE#         58
  C:0138H         LINE#         59
  C:013BH         LINE#         60
  C:013EH         LINE#         62
  C:0140H         LINE#         63
  C:0143H         LINE#         65
  C:0144H         LINE#         68
  C:0146H         LINE#         69
  C:0147H         LINE#         70
  C:0149H         LINE#         71
  C:014CH         LINE#         72
  C:014DH         LINE#         74
  C:0150H         LINE#         75
  C:0153H         LINE#         76
  C:0156H         LINE#         77
  C:0159H         LINE#         78
  C:015CH         LINE#         79
  C:015DH         LINE#         82
  C:015FH         LINE#         83
  C:0161H         LINE#         84
  C:0163H         LINE#         85
  C:0165H         LINE#         86
  C:0166H         LINE#         88
  C:0168H         LINE#         89
  C:0169H         LINE#         91
  C:016BH         LINE#         92
  C:016CH         LINE#         94
  C:016EH         LINE#         95
  C:016FH         LINE#         97
  C:0171H         LINE#         98
  -------         ENDMOD        MAIN

Program Size: data=8.0 xdata=0 code=370
BL51 BANKED LINKER/LOCATER V6.05                                                      10/23/2018  20:55:52  PAGE 3


LINK/LOCATE RUN COMPLETE.  0 WARNING(S),  0 ERROR(S)
