V3 3
FL H:/FPGALabs/product/lab1/code/adder.vhd 2018/09/14.09:54:04 P.40xd
EN work/adder 1536907826 FL H:/FPGALabs/product/lab1/code/adder.vhd \
      PB ieee/std_logic_1164 1350103243 PB ieee/std_logic_arith 1350103244 \
      PB ieee/STD_LOGIC_UNSIGNED 1350103247
AR work/adder/rtl 1536907827 \
      FL H:/FPGALabs/product/lab1/code/adder.vhd EN work/adder 1536907826
