BL51 BANKED LINKER/LOCATER V6.22.2.0                                                    10/31/2018  09:02:24  PAGE 1


BL51 BANKED LINKER/LOCATER V6.22.2.0, INVOKED BY:
F:\KEIL C51\C51\BIN\BL51.EXE .\main.obj TO test RAMSIZE (256)


INPUT MODULES INCLUDED:
  .\main.obj (MAIN)


LINK MAP OF MODULE:  test (MAIN)


            TYPE    BASE      LENGTH    RELOCATION   SEGMENT NAME
            -----------------------------------------------------

            * * * * * * *   D A T A   M E M O R Y   * * * * * * *
            REG     0000H     0008H     ABSOLUTE     "REG BANK 0"

            * * * * * * *   C O D E   M E M O R Y   * * * * * * *
            CODE    0000H     203DH     ABSOLUTE     



SYMBOL TABLE OF MODULE:  test (MAIN)

  VALUE           TYPE          NAME
  ----------------------------------

  -------         MODULE        MAIN
  D:00E0H         SYMBOL        ACC
  B:0090H.0       SYMBOL        BEEP
  C:100CH         SYMBOL        DELAY100MS
  C:100EH         SYMBOL        DELAY100MS_1
  C:1010H         SYMBOL        DELAY100MS_2
  C:1012H         SYMBOL        DELAY100MS_3
  C:1014H         SYMBOL        DELAY100MS_4
  N:006FH         SYMBOL        DELAYTIMES_100MS
  C:2000H         SYMBOL        INT0_ISR
  B:00A0H.4       SYMBOL        LED1
  B:00A0H.5       SYMBOL        LED2
  B:00A0H.6       SYMBOL        LED3
  B:00A0H.7       SYMBOL        LED4
  C:1000H         SYMBOL        MAIN
  D:0090H         SYMBOL        P1
  D:00A0H         SYMBOL        P2
  D:00D0H         SYMBOL        PSW
  B:00D0H.3       SYMBOL        RS0
  B:00D0H.4       SYMBOL        RS1
  D:0081H         SYMBOL        SP
  C:1006H         SYMBOL        START1
  C:101DH         SYMBOL        WATERLED
  C:0000H         LINE#         13
  C:0003H         LINE#         15
  C:1000H         LINE#         19
  C:1003H         LINE#         21
  C:1006H         LINE#         24
  C:1009H         LINE#         25
  C:100CH         LINE#         28
  C:100EH         LINE#         29
BL51 BANKED LINKER/LOCATER V6.22.2.0                                                  10/31/2018  09:02:24  PAGE 2


  C:1010H         LINE#         30
  C:1012H         LINE#         31
  C:1014H         LINE#         32
  C:1016H         LINE#         33
  C:1018H         LINE#         34
  C:101AH         LINE#         35
  C:101CH         LINE#         36
  C:101DH         LINE#         39
  C:101FH         LINE#         40
  C:1021H         LINE#         41
  C:1023H         LINE#         42
  C:1025H         LINE#         43
  C:1028H         LINE#         44
  C:102BH         LINE#         46
  C:102DH         LINE#         47
  C:102FH         LINE#         48
  C:1031H         LINE#         49
  C:1033H         LINE#         50
  C:1036H         LINE#         51
  C:1039H         LINE#         53
  C:103BH         LINE#         54
  C:103DH         LINE#         55
  C:103FH         LINE#         56
  C:1041H         LINE#         57
  C:1044H         LINE#         58
  C:1047H         LINE#         60
  C:1049H         LINE#         61
  C:104BH         LINE#         62
  C:104DH         LINE#         63
  C:104FH         LINE#         64
  C:1052H         LINE#         65
  C:1055H         LINE#         66
  C:2000H         LINE#         70
  C:2002H         LINE#         71
  C:2004H         LINE#         72
  C:2006H         LINE#         73
  C:2008H         LINE#         76
  C:200AH         LINE#         77
  C:200DH         LINE#         78
  C:2010H         LINE#         80
  C:2012H         LINE#         81
  C:2015H         LINE#         82
  C:2018H         LINE#         84
  C:201AH         LINE#         85
  C:201DH         LINE#         86
  C:2020H         LINE#         88
  C:2022H         LINE#         89
  C:2025H         LINE#         90
  C:2028H         LINE#         92
  C:202AH         LINE#         93
  C:202DH         LINE#         94
  C:2030H         LINE#         96
  C:2032H         LINE#         97
  C:2035H         LINE#         98
  C:2038H         LINE#         100
  C:203AH         LINE#         101
  C:203CH         LINE#         102
BL51 BANKED LINKER/LOCATER V6.22.2.0                                                  10/31/2018  09:02:24  PAGE 3


  -------         ENDMOD        MAIN

******************************************************************************
* RESTRICTED VERSION WITH 0800H BYTE CODE SIZE LIMIT; USED: 0099H BYTE ( 7%) *
******************************************************************************

Program Size: data=8.0 xdata=0 code=8253
LINK/LOCATE RUN COMPLETE.  0 WARNING(S),  0 ERROR(S)
