BL51 BANKED LINKER/LOCATER V6.05                                                        10/23/2018  21:24:18  PAGE 1


BL51 BANKED LINKER/LOCATER V6.05, INVOKED BY:
C:\KEIL\C51\BIN\BL51.EXE .\main.obj TO test RAMSIZE (256)


INPUT MODULES INCLUDED:
  .\main.obj (MAIN)


LINK MAP OF MODULE:  test (MAIN)


            TYPE    BASE      LENGTH    RELOCATION   SEGMENT NAME
            -----------------------------------------------------

            * * * * * * *   D A T A   M E M O R Y   * * * * * * *
            REG     0000H     0008H     ABSOLUTE     "REG BANK 0"

            * * * * * * *   C O D E   M E M O R Y   * * * * * * *
            CODE    0000H     0158H     ABSOLUTE     



SYMBOL TABLE OF MODULE:  test (MAIN)

  VALUE           TYPE          NAME
  ----------------------------------

  -------         MODULE        MAIN
  C:0114H         SYMBOL        DELAY100MS
  C:0116H         SYMBOL        DELAY100MS_1
  C:0118H         SYMBOL        DELAY100MS_2
  C:011AH         SYMBOL        DELAY100MS_3
  N:006FH         SYMBOL        DELAYTIMES_100MS
  B:00B0H.2       SYMBOL        KEY1
  N:0069H         SYMBOL        KEY1_STATE
  C:0146H         SYMBOL        OVER
  D:0080H         SYMBOL        P0
  D:00A0H         SYMBOL        P2
  D:00B0H         SYMBOL        P3
  C:0121H         SYMBOL        RUN1
  C:012DH         SYMBOL        RUN2
  D:0081H         SYMBOL        SP
  C:0100H         SYMBOL        START
  C:010EH         SYMBOL        START1
  C:014EH         SYMBOL        TAB
  C:0000H         LINE#         6
  C:0100H         LINE#         10
  C:0103H         LINE#         11
  C:0106H         LINE#         12
  C:0108H         LINE#         13
  C:010AH         LINE#         14
  C:010CH         LINE#         15
  C:010EH         LINE#         17
  C:0111H         LINE#         18
  C:0114H         LINE#         24
  C:0116H         LINE#         26
  C:0118H         LINE#         27
  C:011AH         LINE#         28
BL51 BANKED LINKER/LOCATER V6.05                                                      10/23/2018  21:24:18  PAGE 2


  C:011CH         LINE#         29
  C:011EH         LINE#         30
  C:0120H         LINE#         31
  C:0121H         LINE#         34
  C:0124H         LINE#         35
  C:0127H         LINE#         36
  C:012AH         LINE#         37
  C:012DH         LINE#         40
  C:012FH         LINE#         41
  C:0130H         LINE#         42
  C:0132H         LINE#         43
  C:0134H         LINE#         44
  C:0136H         LINE#         45
  C:0138H         LINE#         46
  C:013BH         LINE#         47
  C:013CH         LINE#         48
  C:013EH         LINE#         49
  C:0141H         LINE#         50
  C:0144H         LINE#         51
  C:0146H         LINE#         54
  C:0149H         LINE#         55
  C:014CH         LINE#         56
  -------         ENDMOD        MAIN

Program Size: data=8.0 xdata=0 code=344
LINK/LOCATE RUN COMPLETE.  0 WARNING(S),  0 ERROR(S)
