C51 COMPILER V8.08   MAIN                                                                  10/30/2018 21:07:22 PAGE 1   


C51 COMPILER V8.08, COMPILATION OF MODULE MAIN
OBJECT MODULE PLACED IN .\main.obj
COMPILER INVOKED BY: E:\NewKeil\C51\BIN\C51.EXE ..\Code\main.c BROWSE INCDIR(..\Code) DEBUG OBJECTEXTEND PRINT(.\main.ls
                    -t) OBJECT(.\main.obj)

line level    source

   1          #include "STC12C5A60S2.h"
   2          
   3          sbit LED1 = P2^4; 
   4          sbit LED2 =     P2^5;
   5          sbit LED3 =     P2^6;
   6          sbit LED4 =     P2^7;
   7          sbit Beep =     P1^0;
   8          
   9          void INT0_ISR()interrupt 0
  10          {
  11   1              unsigned long int i;
  12   1      
  13   1              Beep = 0;
  14   1              for(i = 0; i < 50000; i++);
  15   1              Beep = 1;       
  16   1              for(i = 0; i < 50000; i++);
  17   1              Beep = 0;
  18   1              for(i = 0; i < 50000; i++);
  19   1              Beep = 1;
  20   1              for(i = 0; i < 50000; i++);
  21   1              Beep = 0;
  22   1              for(i = 0; i < 50000; i++);
  23   1              Beep = 1;
  24   1              for(i = 0; i < 50000; i++);
  25   1              Beep = 0;
  26   1      }
  27          
  28          void ISR_Init()
  29          {
  30   1              IT0 = 0;
  31   1              PX0 = 0;
  32   1              EX0 = 1;
  33   1              EA =  1;
  34   1      }
  35          
  36          void main()
  37          {
  38   1              unsigned long int i;
  39   1              unsigned int j;
  40   1              P1M0 = 0x01;
  41   1              Beep = 0;
  42   1      
  43   1              ISR_Init();
  44   1      
  45   1              while(1)
  46   1              {
  47   2                      for(i = 0; i < 50000; i++);
  48   2                      switch(j)
  49   2                      {
  50   3                              case 0:
  51   3                                      LED1 = ~LED1;
  52   3                                      break;
  53   3                              case 1:
  54   3                                      LED2 = ~LED2;
C51 COMPILER V8.08   MAIN                                                                  10/30/2018 21:07:22 PAGE 2   

  55   3                                      break;
  56   3                              case 2:
  57   3                                      LED3 = ~LED3;
  58   3                                      break;
  59   3                              case 3:
  60   3                                      LED4 = ~LED4;
  61   3                                      break;
  62   3                      }
  63   2                      if(j >= 3)
  64   2                      {
  65   3                              j = 0;
  66   3                      }
  67   2                      else
  68   2                      j++;
  69   2              }
  70   1      }
  71          
  72          


MODULE INFORMATION:   STATIC OVERLAYABLE
   CODE SIZE        =    537    ----
   CONSTANT SIZE    =   ----    ----
   XDATA SIZE       =   ----    ----
   PDATA SIZE       =   ----    ----
   DATA SIZE        =   ----      10
   IDATA SIZE       =   ----    ----
   BIT SIZE         =   ----    ----
END OF MODULE INFORMATION.


C51 COMPILATION COMPLETE.  0 WARNING(S),  0 ERROR(S)
