BL51 BANKED LINKER/LOCATER V6.05                                                        10/30/2018  21:07:22  PAGE 1


BL51 BANKED LINKER/LOCATER V6.05, INVOKED BY:
E:\NEWKEIL\C51\BIN\BL51.EXE .\main.obj TO test RAMSIZE (256)


MEMORY MODEL: SMALL


INPUT MODULES INCLUDED:
  .\main.obj (MAIN)
  E:\NEWKEIL\C51\LIB\C51S.LIB (?C_STARTUP)
  E:\NEWKEIL\C51\LIB\C51S.LIB (?C?ULCMP)


LINK MAP OF MODULE:  test (MAIN)


            TYPE    BASE      LENGTH    RELOCATION   SEGMENT NAME
            -----------------------------------------------------

            * * * * * * *   D A T A   M E M O R Y   * * * * * * *
            REG     0000H     0008H     ABSOLUTE     "REG BANK 0"
            DATA    0008H     000AH     UNIT         _DATA_GROUP_
            IDATA   0012H     0001H     UNIT         ?STACK

            * * * * * * *   C O D E   M E M O R Y   * * * * * * *
            CODE    0000H     0003H     ABSOLUTE     
            CODE    0003H     0003H     ABSOLUTE     
            CODE    0006H     0196H     UNIT         ?PR?INT0_ISR?MAIN
            CODE    019CH     007AH     UNIT         ?PR?MAIN?MAIN
            CODE    0216H     0011H     UNIT         ?C?LIB_CODE
            CODE    0227H     000CH     UNIT         ?C_C51STARTUP
            CODE    0233H     0009H     UNIT         ?PR?ISR_INIT?MAIN



OVERLAY MAP OF MODULE:   test (MAIN)


SEGMENT                          DATA_GROUP 
  +--> CALLED SEGMENT          START    LENGTH
----------------------------------------------
?PR?INT0_ISR?MAIN              0008H    0004H

*** NEW ROOT ***************************************************

?C_C51STARTUP                  -----    -----
  +--> ?PR?MAIN?MAIN

?PR?MAIN?MAIN                  000CH    0006H
  +--> ?PR?ISR_INIT?MAIN



SYMBOL TABLE OF MODULE:  test (MAIN)

  VALUE           TYPE          NAME
  ----------------------------------

BL51 BANKED LINKER/LOCATER V6.05                                                      10/30/2018  21:07:22  PAGE 2


  -------         MODULE        MAIN
  C:0000H         SYMBOL        _ICE_DUMMY_
  D:0092H         PUBLIC        P1M0
  D:0090H         PUBLIC        P1
  D:00A0H         PUBLIC        P2
  B:00A8H.7       PUBLIC        EA
  B:00A0H.4       PUBLIC        LED1
  B:00A0H.5       PUBLIC        LED2
  B:00A0H.6       PUBLIC        LED3
  B:00A0H.7       PUBLIC        LED4
  D:00A8H         PUBLIC        IE
  D:00B8H         PUBLIC        IP
  D:00D8H         PUBLIC        CCON
  C:019CH         PUBLIC        main
  D:0098H         PUBLIC        SCON
  D:0088H         PUBLIC        TCON
  B:0088H.0       PUBLIC        IT0
  B:00A8H.0       PUBLIC        EX0
  B:00B8H.0       PUBLIC        PX0
  C:0233H         PUBLIC        ISR_Init
  C:0006H         PUBLIC        INT0_ISR
  D:00D0H         PUBLIC        PSW
  B:0090H.0       PUBLIC        Beep
  -------         PROC          INT0_ISR
  -------         DO            
  D:0008H         SYMBOL        i
  -------         ENDDO         
  C:0006H         LINE#         9
  C:0023H         LINE#         13
  C:0025H         LINE#         14
  C:005DH         LINE#         15
  C:005FH         LINE#         16
  C:0097H         LINE#         17
  C:0099H         LINE#         18
  C:00D1H         LINE#         19
  C:00D3H         LINE#         20
  C:010BH         LINE#         21
  C:010DH         LINE#         22
  C:0145H         LINE#         23
  C:0147H         LINE#         24
  C:017FH         LINE#         25
  C:0181H         LINE#         26
  -------         ENDPROC       INT0_ISR
  -------         PROC          ISR_INIT
  C:0233H         LINE#         28
  C:0233H         LINE#         29
  C:0233H         LINE#         30
  C:0235H         LINE#         31
  C:0237H         LINE#         32
  C:0239H         LINE#         33
  C:023BH         LINE#         34
  -------         ENDPROC       ISR_INIT
  -------         PROC          MAIN
  -------         DO            
  D:000CH         SYMBOL        i
  D:0010H         SYMBOL        j
  -------         ENDDO         
BL51 BANKED LINKER/LOCATER V6.05                                                      10/30/2018  21:07:22  PAGE 3


  C:019CH         LINE#         36
  C:019CH         LINE#         37
  C:019CH         LINE#         40
  C:019FH         LINE#         41
  C:01A1H         LINE#         43
  C:01A4H         LINE#         45
  C:01A4H         LINE#         46
  C:01A4H         LINE#         47
  C:01D9H         LINE#         48
  C:01ECH         LINE#         49
  C:01ECH         LINE#         50
  C:01ECH         LINE#         51
  C:01EEH         LINE#         52
  C:01F0H         LINE#         53
  C:01F0H         LINE#         54
  C:01F2H         LINE#         55
  C:01F4H         LINE#         56
  C:01F4H         LINE#         57
  C:01F6H         LINE#         58
  C:01F8H         LINE#         59
  C:01F8H         LINE#         60
  C:01FAH         LINE#         61
  C:01FAH         LINE#         62
  C:01FAH         LINE#         63
  C:0205H         LINE#         64
  C:0205H         LINE#         65
  C:020AH         LINE#         66
  C:020CH         LINE#         68
  C:0214H         LINE#         69
  -------         ENDPROC       MAIN
  -------         ENDMOD        MAIN

  -------         MODULE        ?C?ULCMP
  C:0216H         PUBLIC        ?C?ULCMP
  -------         ENDMOD        ?C?ULCMP

Program Size: data=19.0 xdata=0 code=572
LINK/LOCATE RUN COMPLETE.  0 WARNING(S),  0 ERROR(S)
