Release 14.3 - xst P.40xd (nt64)
Copyright (c) 1995-2012 Xilinx, Inc.  All rights reserved.
--> Parameter TMPDIR set to xst/projnav.tmp


Total REAL time to Xst completion: 0.00 secs
Total CPU time to Xst completion: 0.06 secs
 
--> Parameter xsthdpdir set to xst


Total REAL time to Xst completion: 0.00 secs
Total CPU time to Xst completion: 0.06 secs
 
--> Reading design: Seg7_digital_LED.prj

TABLE OF CONTENTS
  1) Synthesis Options Summary
  2) HDL Compilation
  3) Design Hierarchy Analysis
  4) HDL Analysis
  5) HDL Synthesis
     5.1) HDL Synthesis Report
  6) Advanced HDL Synthesis
     6.1) Advanced HDL Synthesis Report
  7) Low Level Synthesis
  8) Partition Report
  9) Final Report
	9.1) Device utilization summary
	9.2) Partition Resource Summary
	9.3) TIMING REPORT


=========================================================================
*                      Synthesis Options Summary                        *
=========================================================================
---- Source Parameters
Input File Name                    : "Seg7_digital_LED.prj"
Input Format                       : mixed
Ignore Synthesis Constraint File   : NO

---- Target Parameters
Output File Name                   : "Seg7_digital_LED"
Output Format                      : NGC
Target Device                      : xc3s250e-5-tq144

---- Source Options
Top Module Name                    : Seg7_digital_LED
Automatic FSM Extraction           : YES
FSM Encoding Algorithm             : Auto
Safe Implementation                : No
FSM Style                          : LUT
RAM Extraction                     : Yes
RAM Style                          : Auto
ROM Extraction                     : Yes
Mux Style                          : Auto
Decoder Extraction                 : YES
Priority Encoder Extraction        : Yes
Shift Register Extraction          : YES
Logical Shifter Extraction         : YES
XOR Collapsing                     : YES
ROM Style                          : Auto
Mux Extraction                     : Yes
Resource Sharing                   : YES
Asynchronous To Synchronous        : NO
Multiplier Style                   : Auto
Automatic Register Balancing       : No

---- Target Options
Add IO Buffers                     : YES
Global Maximum Fanout              : 500
Add Generic Clock Buffer(BUFG)     : 24
Register Duplication               : YES
Slice Packing                      : YES
Optimize Instantiated Primitives   : NO
Use Clock Enable                   : Yes
Use Synchronous Set                : Yes
Use Synchronous Reset              : Yes
Pack IO Registers into IOBs        : Auto
Equivalent register Removal        : YES

---- General Options
Optimization Goal                  : Speed
Optimization Effort                : 1
Keep Hierarchy                     : No
Netlist Hierarchy                  : As_Optimized
RTL Output                         : Yes
Global Optimization                : AllClockNets
Read Cores                         : YES
Write Timing Constraints           : NO
Cross Clock Analysis               : NO
Hierarchy Separator                : /
Bus Delimiter                      : <>
Case Specifier                     : Maintain
Slice Utilization Ratio            : 100
BRAM Utilization Ratio             : 100
Verilog 2001                       : YES
Auto BRAM Packing                  : NO
Slice Utilization Ratio Delta      : 5

=========================================================================


=========================================================================
*                          HDL Compilation                              *
=========================================================================
Compiling vhdl file "D:/FPGALab/product/Lab4/Lab4_2/Code/clk_gen_400hz.vhd" in Library work.
Architecture rtl of Entity clk_gen_400hz is up to date.
Compiling vhdl file "D:/FPGALab/product/Lab4/Lab4_2/Code/shift.vhd" in Library work.
Architecture rtl of Entity shift is up to date.
Compiling vhdl file "D:/FPGALab/product/Lab4/Lab4_2/Code/Seg7_disp.vhd" in Library work.
Architecture rtl of Entity seg7_disp is up to date.
Compiling vhdl file "D:/FPGALab/product/Lab4/Lab4_2/Code/Seg7_digital_LED.vhd" in Library work.
Architecture rtl of Entity seg7_digital_led is up to date.

=========================================================================
*                     Design Hierarchy Analysis                         *
=========================================================================
Analyzing hierarchy for entity <Seg7_digital_LED> in library <work> (architecture <rtl>).

Analyzing hierarchy for entity <clk_gen_400hz> in library <work> (architecture <rtl>) with generics.
	CNT_HALF = 62500
	CNT_MAX = 125000

Analyzing hierarchy for entity <shift> in library <work> (architecture <rtl>).

Analyzing hierarchy for entity <Seg7_disp> in library <work> (architecture <rtl>).


=========================================================================
*                            HDL Analysis                               *
=========================================================================
Analyzing Entity <Seg7_digital_LED> in library <work> (Architecture <rtl>).
Entity <Seg7_digital_LED> analyzed. Unit <Seg7_digital_LED> generated.

Analyzing generic Entity <clk_gen_400hz> in library <work> (Architecture <rtl>).
	CNT_HALF = 62500
	CNT_MAX = 125000
Entity <clk_gen_400hz> analyzed. Unit <clk_gen_400hz> generated.

Analyzing Entity <shift> in library <work> (Architecture <rtl>).
Entity <shift> analyzed. Unit <shift> generated.

Analyzing Entity <Seg7_disp> in library <work> (Architecture <rtl>).
Entity <Seg7_disp> analyzed. Unit <Seg7_disp> generated.


=========================================================================
*                           HDL Synthesis                               *
=========================================================================

Performing bidirectional port resolution...

Synthesizing Unit <clk_gen_400hz>.
    Related source file is "D:/FPGALab/product/Lab4/Lab4_2/Code/clk_gen_400hz.vhd".
    Found 1-bit register for signal <clk_o>.
    Found 17-bit up counter for signal <s_cnt>.
    Summary:
	inferred   1 Counter(s).
	inferred   1 D-type flip-flop(s).
Unit <clk_gen_400hz> synthesized.


Synthesizing Unit <shift>.
    Related source file is "D:/FPGALab/product/Lab4/Lab4_2/Code/shift.vhd".
    Found 8-bit register for signal <s_shift>.
Unit <shift> synthesized.


Synthesizing Unit <Seg7_disp>.
    Related source file is "D:/FPGALab/product/Lab4/Lab4_2/Code/Seg7_disp.vhd".
Unit <Seg7_disp> synthesized.


Synthesizing Unit <Seg7_digital_LED>.
    Related source file is "D:/FPGALab/product/Lab4/Lab4_2/Code/Seg7_digital_LED.vhd".
Unit <Seg7_digital_LED> synthesized.


=========================================================================
HDL Synthesis Report

Macro Statistics
# Counters                                             : 1
 17-bit up counter                                     : 1
# Registers                                            : 2
 1-bit register                                        : 1
 8-bit register                                        : 1

=========================================================================

=========================================================================
*                       Advanced HDL Synthesis                          *
=========================================================================


=========================================================================
Advanced HDL Synthesis Report

Macro Statistics
# Counters                                             : 1
 17-bit up counter                                     : 1
# Registers                                            : 9
 Flip-Flops                                            : 9

=========================================================================

=========================================================================
*                         Low Level Synthesis                           *
=========================================================================

Optimizing unit <Seg7_digital_LED> ...

Optimizing unit <clk_gen_400hz> ...

Mapping all equations...
Building and optimizing final netlist ...
Found area constraint ratio of 100 (+ 5) on block Seg7_digital_LED, actual ratio is 1.

Final Macro Processing ...

=========================================================================
Final Register Report

Macro Statistics
# Registers                                            : 26
 Flip-Flops                                            : 26

=========================================================================

=========================================================================
*                           Partition Report                            *
=========================================================================

Partition Implementation Status
-------------------------------

  No Partitions were found in this design.

-------------------------------

=========================================================================
*                            Final Report                               *
=========================================================================
Final Results
RTL Top Level Output File Name     : Seg7_digital_LED.ngr
Top Level Output File Name         : Seg7_digital_LED
Output Format                      : NGC
Optimization Goal                  : Speed
Keep Hierarchy                     : No

Design Statistics
# IOs                              : 18

Cell Usage :
# BELS                             : 105
#      GND                         : 1
#      INV                         : 2
#      LUT1                        : 16
#      LUT2                        : 4
#      LUT3                        : 3
#      LUT3_L                      : 1
#      LUT4                        : 37
#      LUT4_D                      : 2
#      LUT4_L                      : 2
#      MUXCY                       : 16
#      MUXF5                       : 3
#      VCC                         : 1
#      XORCY                       : 17
# FlipFlops/Latches                : 26
#      FDC                         : 19
#      FDP                         : 7
# Clock Buffers                    : 1
#      BUFGP                       : 1
# IO Buffers                       : 17
#      IBUF                        : 1
#      OBUF                        : 16
=========================================================================

Device utilization summary:
---------------------------

Selected Device : 3s250etq144-5 

 Number of Slices:                       36  out of   2448     1%  
 Number of Slice Flip Flops:             26  out of   4896     0%  
 Number of 4 input LUTs:                 67  out of   4896     1%  
 Number of IOs:                          18
 Number of bonded IOBs:                  18  out of    108    16%  
 Number of GCLKs:                         1  out of     24     4%  

---------------------------
Partition Resource Summary:
---------------------------

  No Partitions were found in this design.

---------------------------


=========================================================================
TIMING REPORT

NOTE: THESE TIMING NUMBERS ARE ONLY A SYNTHESIS ESTIMATE.
      FOR ACCURATE TIMING INFORMATION PLEASE REFER TO THE TRACE REPORT
      GENERATED AFTER PLACE-and-ROUTE.

Clock Information:
------------------
-----------------------------------+------------------------+-------+
Clock Signal                       | Clock buffer(FF name)  | Load  |
-----------------------------------+------------------------+-------+
U1/clk_o                           | NONE(U2/s_shift_7)     | 8     |
clk_50mhz_i                        | BUFGP                  | 18    |
-----------------------------------+------------------------+-------+
INFO:Xst:2169 - HDL ADVISOR - Some clock signals were not automatically buffered by XST with BUFG/BUFR resources. Please use the buffer_type constraint in order to insert these buffers to the clock signals to help prevent skew problems.

Asynchronous Control Signals Information:
----------------------------------------
--------------------------------------------+------------------------+-------+
Control Signal                              | Buffer(FF name)        | Load  |
--------------------------------------------+------------------------+-------+
U1/rst_n_i_inv(U2/s_shift_Acst_inv1_INV_0:O)| NONE(U1/clk_o)         | 26    |
--------------------------------------------+------------------------+-------+

Timing Summary:
---------------
Speed Grade: -5

   Minimum period: 4.789ns (Maximum Frequency: 208.792MHz)
   Minimum input arrival time before clock: No path found
   Maximum output required time after clock: 7.724ns
   Maximum combinational path delay: No path found

Timing Detail:
--------------
All values displayed in nanoseconds (ns)

=========================================================================
Timing constraint: Default period analysis for Clock 'U1/clk_o'
  Clock period: 1.575ns (frequency: 634.900MHz)
  Total number of paths / destination ports: 8 / 8
-------------------------------------------------------------------------
Delay:               1.575ns (Levels of Logic = 0)
  Source:            U2/s_shift_5 (FF)
  Destination:       U2/s_shift_6 (FF)
  Source Clock:      U1/clk_o rising
  Destination Clock: U1/clk_o rising

  Data Path: U2/s_shift_5 to U2/s_shift_6
                                Gate     Net
    Cell:in->out      fanout   Delay   Delay  Logical Name (Net Name)
    ----------------------------------------  ------------
     FDP:C->Q             11   0.514   0.793  U2/s_shift_5 (U2/s_shift_5)
     FDP:D                     0.268          U2/s_shift_6
    ----------------------------------------
    Total                      1.575ns (0.782ns logic, 0.793ns route)
                                       (49.6% logic, 50.4% route)

=========================================================================
Timing constraint: Default period analysis for Clock 'clk_50mhz_i'
  Clock period: 4.789ns (frequency: 208.792MHz)
  Total number of paths / destination ports: 468 / 18
-------------------------------------------------------------------------
Delay:               4.789ns (Levels of Logic = 17)
  Source:            U1/s_cnt_2 (FF)
  Destination:       U1/s_cnt_16 (FF)
  Source Clock:      clk_50mhz_i rising
  Destination Clock: clk_50mhz_i rising

  Data Path: U1/s_cnt_2 to U1/s_cnt_16
                                Gate     Net
    Cell:in->out      fanout   Delay   Delay  Logical Name (Net Name)
    ----------------------------------------  ------------
     FDC:C->Q              4   0.514   0.651  U1/s_cnt_2 (U1/s_cnt_2)
     LUT1:I0->O            1   0.612   0.000  U1/Mcount_s_cnt_cy<2>_rt (U1/Mcount_s_cnt_cy<2>_rt)
     MUXCY:S->O            1   0.404   0.000  U1/Mcount_s_cnt_cy<2> (U1/Mcount_s_cnt_cy<2>)
     MUXCY:CI->O           1   0.052   0.000  U1/Mcount_s_cnt_cy<3> (U1/Mcount_s_cnt_cy<3>)
     MUXCY:CI->O           1   0.052   0.000  U1/Mcount_s_cnt_cy<4> (U1/Mcount_s_cnt_cy<4>)
     MUXCY:CI->O           1   0.052   0.000  U1/Mcount_s_cnt_cy<5> (U1/Mcount_s_cnt_cy<5>)
     MUXCY:CI->O           1   0.052   0.000  U1/Mcount_s_cnt_cy<6> (U1/Mcount_s_cnt_cy<6>)
     MUXCY:CI->O           1   0.052   0.000  U1/Mcount_s_cnt_cy<7> (U1/Mcount_s_cnt_cy<7>)
     MUXCY:CI->O           1   0.052   0.000  U1/Mcount_s_cnt_cy<8> (U1/Mcount_s_cnt_cy<8>)
     MUXCY:CI->O           1   0.052   0.000  U1/Mcount_s_cnt_cy<9> (U1/Mcount_s_cnt_cy<9>)
     MUXCY:CI->O           1   0.052   0.000  U1/Mcount_s_cnt_cy<10> (U1/Mcount_s_cnt_cy<10>)
     MUXCY:CI->O           1   0.052   0.000  U1/Mcount_s_cnt_cy<11> (U1/Mcount_s_cnt_cy<11>)
     MUXCY:CI->O           1   0.052   0.000  U1/Mcount_s_cnt_cy<12> (U1/Mcount_s_cnt_cy<12>)
     MUXCY:CI->O           1   0.052   0.000  U1/Mcount_s_cnt_cy<13> (U1/Mcount_s_cnt_cy<13>)
     MUXCY:CI->O           1   0.052   0.000  U1/Mcount_s_cnt_cy<14> (U1/Mcount_s_cnt_cy<14>)
     MUXCY:CI->O           0   0.051   0.000  U1/Mcount_s_cnt_cy<15> (U1/Mcount_s_cnt_cy<15>)
     XORCY:CI->O           1   0.699   0.360  U1/Mcount_s_cnt_xor<16> (U1/Result<16>)
     LUT4:I3->O            1   0.612   0.000  U1/Mcount_s_cnt_eqn_161 (U1/Mcount_s_cnt_eqn_16)
     FDC:D                     0.268          U1/s_cnt_16
    ----------------------------------------
    Total                      4.789ns (3.779ns logic, 1.011ns route)
                                       (78.9% logic, 21.1% route)

=========================================================================
Timing constraint: Default OFFSET OUT AFTER for Clock 'U1/clk_o'
  Total number of paths / destination ports: 90 / 15
-------------------------------------------------------------------------
Offset:              7.724ns (Levels of Logic = 4)
  Source:            U2/s_shift_4 (FF)
  Destination:       seg7_decode_o<0> (PAD)
  Source Clock:      U1/clk_o rising

  Data Path: U2/s_shift_4 to seg7_decode_o<0>
                                Gate     Net
    Cell:in->out      fanout   Delay   Delay  Logical Name (Net Name)
    ----------------------------------------  ------------
     FDP:C->Q             10   0.514   0.902  U2/s_shift_4 (U2/s_shift_4)
     LUT4:I0->O            3   0.612   0.520  seg7_decode_o<0>61 (seg7_decode_o<0>_bdd8)
     LUT4:I1->O            1   0.612   0.426  seg7_decode_o<0>_SW2 (N5)
     LUT3:I1->O            1   0.612   0.357  seg7_decode_o<0> (seg7_decode_o_0_OBUF)
     OBUF:I->O                 3.169          seg7_decode_o_0_OBUF (seg7_decode_o<0>)
    ----------------------------------------
    Total                      7.724ns (5.519ns logic, 2.205ns route)
                                       (71.5% logic, 28.5% route)

=========================================================================


Total REAL time to Xst completion: 4.00 secs
Total CPU time to Xst completion: 3.72 secs
 
--> 

Total memory usage is 255656 kilobytes

Number of errors   :    0 (   0 filtered)
Number of warnings :    0 (   0 filtered)
Number of infos    :    1 (   0 filtered)

